11:44:40 Pico kutilyapti...
11:49:27 ulandi: COM6
11:49:29 << {"n": 1, "yoqolgan": 0, "ev": "yigilgan"}
11:49:29 << {"ev": "uskuna", "holat": 1, "eski_ms": 1361}
11:49:29 << {"C": 0.885, "AO": 0.0, "n": 0, "kalib": 0, "AV": 1.0, "navbat": 0, "ev": "holat", "alarm": 0, "V10": 10.151, "v_nom": 18, "ver": "1.20", "HQ": 2500.0, "uskuna": 1, "B2": -5.73, "TD": 12.0, "V18": 18.227, "K2": -0.002, "D": 2553.37, "HA": 1500.0, "K1": -0.001, "B1": -2.19}
11:49:34 << > D1 o'tkazdi (5470 ms), navbatda 1 ta
11:49:43 << {"ish_ms": 8422.8, "d2": 5445368, "ev": "olchov", "v_olch": 18.22, "shubha": 0, "v_nom": 18, "navbat": 0, "yangi": 1, "n": 1, "L": 1661.0, "farq": 3.9, "kod": "OK", "L1": 1662.9, "d1": 5469780, "L2": 1659.1}
11:49:43 << 
11:49:43 << ------- O'LCHOV #1  [OK]  18 m/min -------
11:49:43 << Tezlik    : 18.22 m/min (o'lchandi)
11:49:43 << Datchik 1 : 1662.9 mm
11:49:43 << Datchik 2 : 1659.1 mm
11:49:43 << D1->D2    : 8423 ms
11:49:43 << Navbatda  : 0 ta detal
11:49:43 << NATIJA    : 1661.0 mm
11:49:43 << ------------------------------------------
11:49:43 << 
11:50:03 << > D1 o'tkazdi (6581 ms), navbatda 1 ta
11:50:11 << {"ish_ms": 8417.7, "d2": 6561186, "ev": "olchov", "v_olch": 18.22, "shubha": 0, "v_nom": 18, "navbat": 0, "yangi": 1, "n": 2, "L": 1999.6, "farq": 2.4, "kod": "OK", "L1": 2000.8, "d1": 6580628, "L2": 1998.5}
11:50:11 << 
11:50:11 << ------- O'LCHOV #2  [OK]  18 m/min -------
11:50:11 << Tezlik    : 18.22 m/min (o'lchandi)
11:50:11 << Datchik 1 : 2000.8 mm
11:50:11 << Datchik 2 : 1998.5 mm
11:50:11 << D1->D2    : 8418 ms
11:50:11 << Navbatda  : 0 ta detal
11:50:11 << NATIJA    : 1999.6 mm
11:50:11 << ------------------------------------------
11:50:11 << 
11:50:28 << > D1 o'tkazdi (6586 ms), navbatda 1 ta
11:50:37 << {"ish_ms": 8424.6, "d2": 6560421, "ev": "olchov", "v_olch": 18.21, "shubha": 0, "v_nom": 18, "navbat": 0, "yangi": 1, "n": 3, "L": 1999.4, "farq": 4.1, "kod": "OK", "L1": 2001.4, "d1": 6585720, "L2": 1997.3}
11:50:37 << 
11:50:37 << ------- O'LCHOV #3  [OK]  18 m/min -------
11:50:37 << Tezlik    : 18.21 m/min (o'lchandi)
11:50:37 << Datchik 1 : 2001.4 mm
11:50:37 << Datchik 2 : 1997.3 mm
11:50:37 << D1->D2    : 8425 ms
11:50:37 << Navbatda  : 0 ta detal
11:50:37 << NATIJA    : 1999.4 mm
11:50:37 << ------------------------------------------
11:50:37 << 
11:50:57 << > D1 o'tkazdi (6591 ms), navbatda 1 ta
11:51:06 << {"ish_ms": 8432.8, "d2": 6557289, "ev": "olchov", "v_olch": 18.21, "shubha": 0, "v_nom": 18, "navbat": 0, "yangi": 1, "n": 4, "L": 1998.6, "farq": 6.6, "kod": "OK", "L1": 2001.9, "d1": 6590586, "L2": 1995.3}
11:51:06 << 
11:51:06 << ------- O'LCHOV #4  [OK]  18 m/min -------
11:51:06 << Tezlik    : 18.21 m/min (o'lchandi)
11:51:06 << Datchik 1 : 2001.9 mm
11:51:06 << Datchik 2 : 1995.3 mm
11:51:06 << D1->D2    : 8433 ms
11:51:06 << Navbatda  : 0 ta detal
11:51:06 << NATIJA    : 1998.6 mm
11:51:06 << ------------------------------------------
11:51:06 << 
11:51:22 << > D1 o'tkazdi (6590 ms), navbatda 1 ta
11:51:30 << {"ish_ms": 8425.8, "d2": 6564785, "ev": "olchov", "v_olch": 18.21, "shubha": 0, "v_nom": 18, "navbat": 0, "yangi": 1, "n": 5, "L": 2000.4, "farq": 4.2, "kod": "OK", "L1": 2002.5, "d1": 6590206, "L2": 1998.3}
11:51:30 << 
11:51:30 << ------- O'LCHOV #5  [OK]  18 m/min -------
11:51:30 << Tezlik    : 18.21 m/min (o'lchandi)
11:51:30 << Datchik 1 : 2002.5 mm
11:51:30 << Datchik 2 : 1998.3 mm
11:51:30 << D1->D2    : 8426 ms
11:51:30 << Navbatda  : 0 ta detal
11:51:30 << NATIJA    : 2000.4 mm
11:51:30 << ------------------------------------------
11:51:30 << 
11:51:51 << > D1 o'tkazdi (6590 ms), navbatda 1 ta
11:51:59 << {"ish_ms": 8429.6, "d2": 6558142, "ev": "olchov", "v_olch": 18.21, "shubha": 0, "v_nom": 18, "navbat": 0, "yangi": 1, "n": 6, "L": 1999.2, "farq": 6.1, "kod": "OK", "L1": 2002.2, "d1": 6589796, "L2": 1996.2}
11:51:59 << 
11:51:59 << ------- O'LCHOV #6  [OK]  18 m/min -------
11:51:59 << Tezlik    : 18.21 m/min (o'lchandi)
11:51:59 << Datchik 1 : 2002.2 mm
11:51:59 << Datchik 2 : 1996.2 mm
11:51:59 << D1->D2    : 8430 ms
11:51:59 << Navbatda  : 0 ta detal
11:51:59 << NATIJA    : 1999.2 mm
11:51:59 << ------------------------------------------
11:51:59 << 
11:52:14 << > D1 o'tkazdi (6584 ms), navbatda 1 ta
11:52:23 << {"ish_ms": 8423.7, "d2": 6557524, "ev": "olchov", "v_olch": 18.22, "shubha": 0, "v_nom": 18, "navbat": 0, "yangi": 1, "n": 7, "L": 1999.0, "farq": 4.4, "kod": "OK", "L1": 2001.2, "d1": 6583794, "L2": 1996.7}
11:52:23 << 
11:52:23 << ------- O'LCHOV #7  [OK]  18 m/min -------
11:52:23 << Tezlik    : 18.22 m/min (o'lchandi)
11:52:23 << Datchik 1 : 2001.2 mm
11:52:23 << Datchik 2 : 1996.7 mm
11:52:23 << D1->D2    : 8424 ms
11:52:23 << Navbatda  : 0 ta detal
11:52:23 << NATIJA    : 1999.0 mm
11:52:23 << ------------------------------------------
11:52:23 << 
11:52:29 oxirgi pong: {"ev": "pong", "up": 180551}
11:52:29 kiosk ochilyapti
MES serveri allaqachon ishlayapti.
